// Jest Snapshot v1, https://goo.gl/fbAQLP

exports[`MonoText renders correctly 1`] = `
<Text
  style={
    [
      undefined,
      {
        "fontFamily": "SpaceMono",
      },
    ]
  }
>
  <Text>
    Snapshot test!
  </Text>
</Text>
`;
